     1                                  [bits 32]
     2                                  
     3                                  GLOBAL start
     4                                  SEGMENT .text
     5                                  
     6                                  RS232_Base	equ	3F8h
     7                                  RS232_Line_Status	equ	5
     8                                  RS232_Data	equ	0
     9                                  
    10                                  start:
    11                                  	
    12                                  		;test if ready to send
    13                                  
    14 00000000 0F31                    		rdtsc
    15                                  	again:		
    16 00000002 66BAFD03                		mov	dx, RS232_Base + RS232_Line_Status
    17 00000006 66B9FFFF                		mov	cx, 0FFFFh
    18                                  		.ready_to_send:
    19 0000000A EC                      			in	al, dx
    20 0000000B 660FBAE005              			bt	ax, 5
    21 00000010 7202                    			jc	.ready
    22 00000012 E2F6                    		loop	.ready_to_send
    23                                  		
    24                                  		.ready
    25                                  		;send byte
    26 00000014 88E0                    		mov	al, ah
    27 00000016 66BAF803                		mov	dx, RS232_Base + RS232_Data
    28 0000001A EE                      		out	dx, al
    29 0000001B EBE5                    	jmp	again
    30                                  			
    31                                  SEGMENT .data
    32 00000000 2D000000                	dd 45
    33                                  	
    34                                  SEGMENT .bss
    35 00000000 <res 00000014>          	resd	5
    36                                  		
